172.27.187.187 - - [04/May/2023:07:13:56 +0100] "GET /router/api/v1/system/health HTTP/1.1" 200 1195 "-" "ELB-HealthChecker/2.0" "-"
172.27.187.134 - - [04/May/2023:07:13:56 +0100] "GET /router/api/v1/system/health HTTP/1.1" 200 1195 "-" "ELB-HealthChecker/2.0" "-"
172.27.187.222 - - [04/May/2023:07:13:57 +0100] "GET /artifactory/api/npm/boi-npm/date-fns HTTP/1.1" 200 371099 "-" "npm/8.15.0 node/v16.17.0 win32 x64 workspaces/false" "10.20.67.5"
172.27.187.222 - - [04/May/2023:07:13:57 +0100] "GET /access/api/v1/topology HTTP/1.1" 200 29763 "-" "JFrog-Router/7.51.0-1" "172.27.185.79"
127.0.0.1 - - [04/May/2023:07:13:57 +0100] "GET /artifactory/api/v1/metrics HTTP/1.1" 200 13972 "-" "python-requests/2.27.1" "-"
172.27.187.222 - - [04/May/2023:07:13:57 +0100] "GET /artifactory/api/npm/boi-npm/dayjs HTTP/1.1" 200 174870 "-" "npm/8.15.0 node/v16.17.0 win32 x64 workspaces/false" "10.20.67.5"
172.27.187.222 - - [04/May/2023:07:13:58 +0100] "GET /router/api/v1/system/health HTTP/1.1" 200 1195 "-" "ELB-HealthChecker/2.0" "-"
172.27.187.222 - - [04/May/2023:07:13:58 +0100] "GET /artifactory/api/npm/boi-npm/decamelize HTTP/1.1" 200 9247 "-" "npm/8.15.0 node/v16.17.0 win32 x64 workspaces/false" "10.20.67.5"
172.27.187.222 - - [04/May/2023:07:13:59 +0100] "GET /artifactory/api/npm/boi-npm/decimal.js HTTP/1.1" 200 24208 "-" "npm/8.15.0 node/v16.17.0 win32 x64 workspaces/false" "10.20.67.5"
172.27.187.222 - - [04/May/2023:07:13:59 +0100] "GET /artifactory/api/npm/boi-npm/decode-uri-component HTTP/1.1" 200 5079 "-" "npm/8.15.0 node/v16.17.0 win32 x64 workspaces/false" "10.20.67.5"
172.27.187.222 - - [04/May/2023:07:13:59 +0100] "GET /artifactory/api/npm/boi-npm/dedent HTTP/1.1" 200 5544 "-" "npm/8.15.0 node/v16.17.0 win32 x64 workspaces/false" "10.20.67.5"
172.27.187.222 - - [04/May/2023:07:14:00 +0100] "GET /artifactory/api/npm/boi-npm/isarray HTTP/1.1" 200 4988 "-" "npm/8.15.0 node/v16.17.0 win32 x64 workspaces/false" "10.20.67.5"
172.27.187.222 - - [04/May/2023:07:14:00 +0100] "GET /access/api/v1/topology HTTP/1.1" 200 29763 "-" "JFrog-Router/7.51.0-1" "172.27.185.79"
172.27.187.222 - - [04/May/2023:07:14:01 +0100] "GET /artifactory/api/npm/boi-npm/deep-is HTTP/1.1" 200 3109 "-" "npm/8.15.0 node/v16.17.0 win32 x64 workspaces/false" "10.20.67.5"
172.27.187.222 - - [04/May/2023:07:14:01 +0100] "GET /artifactory/api/npm/boi-npm/deepmerge HTTP/1.1" 200 36186 "-" "npm/8.15.0 node/v16.17.0 win32 x64 workspaces/false" "10.20.67.5"
172.27.187.187 - - [04/May/2023:07:14:01 +0100] "GET /router/api/v1/system/health HTTP/1.1" 200 1195 "-" "ELB-HealthChecker/2.0" "-"
172.27.187.134 - - [04/May/2023:07:14:01 +0100] "GET /router/api/v1/system/health HTTP/1.1" 200 1195 "-" "ELB-HealthChecker/2.0" "-"
172.27.187.222 - - [04/May/2023:07:14:02 +0100] "GET /artifactory/api/npm/boi-npm/default-browser-id HTTP/1.1" 304 0 "-" "npm/8.15.0 node/v16.17.0 win32 x64 workspaces/false" "10.20.67.5"
172.27.187.222 - - [04/May/2023:07:14:02 +0100] "GET /artifactory/api/npm/boi-npm/default-gateway HTTP/1.1" 200 35032 "-" "npm/8.15.0 node/v16.17.0 win32 x64 workspaces/false" "10.20.67.5"
172.27.187.222 - - [04/May/2023:07:14:03 +0100] "GET /router/api/v1/system/health HTTP/1.1" 200 1195 "-" "ELB-HealthChecker/2.0" "-"
172.27.187.222 - - [04/May/2023:07:14:03 +0100] "GET /artifactory/api/npm/boi-npm/defaults HTTP/1.1" 200 4266 "-" "npm/8.15.0 node/v16.17.0 win32 x64 workspaces/false" "10.20.67.5"
172.27.187.222 - - [04/May/2023:07:14:03 +0100] "GET /access/api/v1/topology HTTP/1.1" 200 29763 "-" "JFrog-Router/7.51.0-1" "172.27.185.79"
172.27.187.222 - - [04/May/2023:07:14:03 +0100] "GET /artifactory/api/npm/boi-npm/define-lazy-prop HTTP/1.1" 200 2047 "-" "npm/8.15.0 node/v16.17.0 win32 x64 workspaces/false" "10.20.67.5"
172.27.187.222 - - [04/May/2023:07:14:04 +0100] "GET /artifactory/api/npm/boi-npm/define-properties HTTP/1.1" 200 7972 "-" "npm/8.15.0 node/v16.17.0 win32 x64 workspaces/false" "10.20.67.5"
172.27.187.222 - - [04/May/2023:07:14:05 +0100] "GET /artifactory/api/npm/boi-npm/del HTTP/1.1" 200 23080 "-" "npm/8.15.0 node/v16.17.0 win32 x64 workspaces/false" "10.20.67.5"
172.27.187.222 - - [04/May/2023:07:14:05 +0100] "GET /artifactory/api/npm/boi-npm/delayed-stream HTTP/1.1" 200 5501 "-" "npm/8.15.0 node/v16.17.0 win32 x64 workspaces/false" "10.20.67.5"
172.27.187.222 - - [04/May/2023:07:14:06 +0100] "GET /artifactory/api/npm/boi-npm/delegates HTTP/1.1" 200 2887 "-" "npm/8.15.0 node/v16.17.0 win32 x64 workspaces/false" "10.20.67.5"
172.27.187.187 - - [04/May/2023:07:14:06 +0100] "GET /router/api/v1/system/health HTTP/1.1" 200 1195 "-" "ELB-HealthChecker/2.0" "-"
172.27.187.134 - - [04/May/2023:07:14:06 +0100] "GET /router/api/v1/system/health HTTP/1.1" 200 1195 "-" "ELB-HealthChecker/2.0" "-"
172.27.187.222 - - [04/May/2023:07:14:06 +0100] "GET /access/api/v1/topology HTTP/1.1" 200 29763 "-" "JFrog-Router/7.51.0-1" "172.27.185.79"
172.27.187.187 - - [04/May/2023:07:14:06 +0100] "GET /xray/api/v1/system/ping HTTP/1.1" 200 17 "-" "Datadog/Synthetics" "172.27.184.111"
172.27.187.222 - - [04/May/2023:07:14:06 +0100] "GET / HTTP/1.1" 200 3036 "-" "Datadog/Synthetics" "172.27.184.111"
172.27.187.222 - - [04/May/2023:07:14:07 +0100] "GET /artifactory/api/npm/boi-npm/depd HTTP/1.1" 200 11925 "-" "npm/8.15.0 node/v16.17.0 win32 x64 workspaces/false" "10.20.67.5"
172.27.187.222 - - [04/May/2023:07:14:07 +0100] "GET /artifactory/api/npm/boi-npm/dequal HTTP/1.1" 200 4563 "-" "npm/8.15.0 node/v16.17.0 win32 x64 workspaces/false" "10.20.67.5"
172.27.187.222 - - [04/May/2023:07:14:08 +0100] "GET /artifactory/api/npm/boi-npm/des.js HTTP/1.1" 200 1456 "-" "npm/8.15.0 node/v16.17.0 win32 x64 workspaces/false" "10.20.67.5"
172.27.187.222 - - [04/May/2023:07:14:08 +0100] "GET /router/api/v1/system/health HTTP/1.1" 200 1195 "-" "ELB-HealthChecker/2.0" "-"
172.27.187.222 - - [04/May/2023:07:14:08 +0100] "GET /artifactory/api/npm/boi-npm/detab HTTP/1.1" 200 9471 "-" "npm/8.15.0 node/v16.17.0 win32 x64 workspaces/false" "10.20.67.5"
172.27.187.222 - - [04/May/2023:07:14:09 +0100] "GET /artifactory/api/npm/boi-npm/detect-newline HTTP/1.1" 200 8400 "-" "npm/8.15.0 node/v16.17.0 win32 x64 workspaces/false" "10.20.67.5"
172.27.187.222 - - [04/May/2023:07:14:09 +0100] "GET /access/api/v1/topology HTTP/1.1" 200 29763 "-" "JFrog-Router/7.51.0-1" "172.27.185.79"
172.27.187.222 - - [04/May/2023:07:14:09 +0100] "GET /artifactory/api/npm/boi-npm/destroy HTTP/1.1" 200 3864 "-" "npm/8.15.0 node/v16.17.0 win32 x64 workspaces/false" "10.20.67.5"
172.27.187.222 - - [04/May/2023:07:14:10 +0100] "GET /artifactory/api/npm/boi-npm/detect-node HTTP/1.1" 200 3843 "-" "npm/8.15.0 node/v16.17.0 win32 x64 workspaces/false" "10.20.67.5"
172.27.187.222 - - [04/May/2023:07:14:11 +0100] "GET /artifactory/api/npm/boi-npm/execa HTTP/1.1" 200 50147 "-" "npm/8.15.0 node/v16.17.0 win32 x64 workspaces/false" "10.20.67.5"
172.27.187.187 - - [04/May/2023:07:14:11 +0100] "GET /router/api/v1/system/health HTTP/1.1" 200 1195 "-" "ELB-HealthChecker/2.0" "-"
172.27.187.134 - - [04/May/2023:07:14:11 +0100] "GET /router/api/v1/system/health HTTP/1.1" 200 1195 "-" "ELB-HealthChecker/2.0" "-"
172.27.187.222 - - [04/May/2023:07:14:12 +0100] "GET /artifactory/api/npm/boi-npm/get-stream HTTP/1.1" 200 11645 "-" "npm/8.15.0 node/v16.17.0 win32 x64 workspaces/false" "10.20.67.5"
172.27.187.222 - - [04/May/2023:07:14:12 +0100] "GET /artifactory/api/npm/boi-npm/detect-package-manager HTTP/1.1" 200 3943 "-" "npm/8.15.0 node/v16.17.0 win32 x64 workspaces/false" "10.20.67.5"
172.27.187.222 - - [04/May/2023:07:14:12 +0100] "GET /access/api/v1/topology HTTP/1.1" 200 29763 "-" "JFrog-Router/7.51.0-1" "172.27.185.79"
127.0.0.1 - - [04/May/2023:07:14:12 +0100] "GET /artifactory/api/v1/metrics HTTP/1.1" 200 16636 "-" "python-requests/2.27.1" "-"
172.27.187.222 - - [04/May/2023:07:14:13 +0100] "GET /router/api/v1/system/health HTTP/1.1" 200 1195 "-" "ELB-HealthChecker/2.0" "-"
172.27.187.222 - - [04/May/2023:07:14:13 +0100] "GET /artifactory/api/npm/boi-npm/is-stream HTTP/1.1" 200 4075 "-" "npm/8.15.0 node/v16.17.0 win32 x64 workspaces/false" "10.20.67.5"
172.27.187.222 - - [04/May/2023:07:14:13 +0100] "GET /artifactory/api/npm/boi-npm/human-signals HTTP/1.1" 200 8795 "-" "npm/8.15.0 node/v16.17.0 win32 x64 workspaces/false" "10.20.67.5"
172.27.187.222 - - [04/May/2023:07:14:14 +0100] "GET /artifactory/api/npm/boi-npm/npm-run-path HTTP/1.1" 200 7862 "-" "npm/8.15.0 node/v16.17.0 win32 x64 workspaces/false" "10.20.67.5"
172.27.187.222 - - [04/May/2023:07:14:14 +0100] "GET /artifactory/api/npm/boi-npm/detect-port-alt HTTP/1.1" 200 3975 "-" "npm/8.15.0 node/v16.17.0 win32 x64 workspaces/false" "10.20.67.5"
172.27.187.222 - - [04/May/2023:07:14:14 +0100] "GET /artifactory/api/npm/boi-npm/diffie-hellman HTTP/1.1" 200 13678 "-" "npm/8.15.0 node/v16.17.0 win32 x64 workspaces/false" "10.20.67.5"
172.27.187.222 - - [04/May/2023:07:14:15 +0100] "GET /artifactory/api/npm/boi-npm/dns-equal HTTP/1.1" 200 617 "-" "npm/8.15.0 node/v16.17.0 win32 x64 workspaces/false" "10.20.67.5"
172.27.187.222 - - [04/May/2023:07:14:15 +0100] "GET /artifactory/api/npm/boi-npm/dns-packet HTTP/1.1" 200 30947 "-" "npm/8.15.0 node/v16.17.0 win32 x64 workspaces/false" "10.20.67.5"
172.27.187.222 - - [04/May/2023:07:14:15 +0100] "GET /access/api/v1/topology HTTP/1.1" 200 29763 "-" "JFrog-Router/7.51.0-1" "172.27.185.79"
172.27.187.222 - - [04/May/2023:07:14:16 +0100] "GET /artifactory/api/npm/boi-npm/doctrine HTTP/1.1" 200 29299 "-" "npm/8.15.0 node/v16.17.0 win32 x64 workspaces/false" "10.20.67.5"
172.27.187.222 - - [04/May/2023:07:14:16 +0100] "GET /artifactory/api/npm/boi-npm/dns-txt HTTP/1.1" 200 1253 "-" "npm/8.15.0 node/v16.17.0 win32 x64 workspaces/false" "10.20.67.5"
172.27.187.187 - - [04/May/2023:07:14:16 +0100] "GET /router/api/v1/system/health HTTP/1.1" 200 1195 "-" "ELB-HealthChecker/2.0" "-"
172.27.187.134 - - [04/May/2023:07:14:16 +0100] "GET /router/api/v1/system/health HTTP/1.1" 200 1195 "-" "ELB-HealthChecker/2.0" "-"
172.27.187.222 - - [04/May/2023:07:14:17 +0100] "GET /artifactory/api/npm/boi-npm/dom-converter HTTP/1.1" 200 4125 "-" "npm/8.15.0 node/v16.17.0 win32 x64 workspaces/false" "10.20.67.5"
172.27.187.222 - - [04/May/2023:07:14:17 +0100] "GET /artifactory/api/npm/boi-npm/dom-accessibility-api HTTP/1.1" 200 49406 "-" "npm/8.15.0 node/v16.17.0 win32 x64 workspaces/false" "10.20.67.5"
172.27.187.222 - - [04/May/2023:07:14:18 +0100] "GET /router/api/v1/system/health HTTP/1.1" 200 1195 "-" "ELB-HealthChecker/2.0" "-"
172.27.187.222 - - [04/May/2023:07:14:18 +0100] "GET /artifactory/api/npm/boi-npm/dom-helpers HTTP/1.1" 200 26210 "-" "npm/8.15.0 node/v16.17.0 win32 x64 workspaces/false" "10.20.67.5"
172.27.187.222 - - [04/May/2023:07:14:18 +0100] "GET /access/api/v1/topology HTTP/1.1" 200 29763 "-" "JFrog-Router/7.51.0-1" "172.27.185.79"
172.27.187.222 - - [04/May/2023:07:14:19 +0100] "GET /artifactory/api/npm/boi-npm/dom-serializer HTTP/1.1" 200 17105 "-" "npm/8.15.0 node/v16.17.0 win32 x64 workspaces/false" "10.20.67.5"
172.27.187.222 - - [04/May/2023:07:14:19 +0100] "GET /artifactory/api/npm/boi-npm/domelementtype HTTP/1.1" 200 9497 "-" "npm/8.15.0 node/v16.17.0 win32 x64 workspaces/false" "10.20.67.5"
172.27.187.134 - - [04/May/2023:07:14:19 +0100] "GET /artifactory/boi-external/net/minidev/accessors-smart/1.2/accessors-smart-1.2.pom HTTP/1.1" 200 11574 "-" "Apache-Maven/3.6.3 (Java 1.8.0_202; Linux 3.10.0-1160.88.1.el7.x86_64)" "172.27.187.57"
172.27.187.222 - - [04/May/2023:07:14:20 +0100] "GET /artifactory/api/npm/boi-npm/domain-browser HTTP/1.1" 200 60922 "-" "npm/8.15.0 node/v16.17.0 win32 x64 workspaces/false" "10.20.67.5"
172.27.187.222 - - [04/May/2023:07:14:20 +0100] "GET /artifactory/api/npm/boi-npm/dom-walk HTTP/1.1" 200 2322 "-" "npm/8.15.0 node/v16.17.0 win32 x64 workspaces/false" "10.20.67.5"
172.27.187.222 - - [04/May/2023:07:14:21 +0100] "GET /artifactory/api/npm/boi-npm/domhandler HTTP/1.1" 200 27081 "-" "npm/8.15.0 node/v16.17.0 win32 x64 workspaces/false" "10.20.67.5"
172.27.187.187 - - [04/May/2023:07:14:21 +0100] "GET /router/api/v1/system/health HTTP/1.1" 200 1195 "-" "ELB-HealthChecker/2.0" "-"
172.27.187.222 - - [04/May/2023:07:14:21 +0100] "GET /artifactory/api/npm/boi-npm/domexception HTTP/1.1" 200 4734 "-" "npm/8.15.0 node/v16.17.0 win32 x64 workspaces/false" "10.20.67.5"
172.27.187.222 - - [04/May/2023:07:14:21 +0100] "GET /access/api/v1/topology HTTP/1.1" 200 29763 "-" "JFrog-Router/7.51.0-1" "172.27.185.79"
172.27.187.134 - - [04/May/2023:07:14:21 +0100] "GET /router/api/v1/system/health HTTP/1.1" 200 1195 "-" "ELB-HealthChecker/2.0" "-"
172.27.187.222 - - [04/May/2023:07:14:21 +0100] "GET /artifactory/api/npm/boi-npm/domutils HTTP/1.1" 200 35759 "-" "npm/8.15.0 node/v16.17.0 win32 x64 workspaces/false" "10.20.67.5"
172.27.187.222 - - [04/May/2023:07:14:22 +0100] "GET /artifactory/api/npm/boi-npm/dot-case HTTP/1.1" 200 11832 "-" "npm/8.15.0 node/v16.17.0 win32 x64 workspaces/false" "10.20.67.5"
172.27.187.222 - - [04/May/2023:07:14:23 +0100] "GET /artifactory/api/npm/boi-npm/dot-prop HTTP/1.1" 200 18071 "-" "npm/8.15.0 node/v16.17.0 win32 x64 workspaces/false" "10.20.67.5"
172.27.187.222 - - [04/May/2023:07:14:23 +0100] "GET /router/api/v1/system/health HTTP/1.1" 200 1195 "-" "ELB-HealthChecker/2.0" "-"
172.27.187.222 - - [04/May/2023:07:14:23 +0100] "GET /artifactory/api/npm/boi-npm/dotenv HTTP/1.1" 200 51990 "-" "npm/8.15.0 node/v16.17.0 win32 x64 workspaces/false" "10.20.67.5"
172.27.187.222 - - [04/May/2023:07:14:24 +0100] "GET /artifactory/api/npm/boi-npm/dotenv-expand HTTP/1.1" 200 11451 "-" "npm/8.15.0 node/v16.17.0 win32 x64 workspaces/false" "10.20.67.5"
172.27.187.222 - - [04/May/2023:07:14:24 +0100] "GET /access/api/v1/topology HTTP/1.1" 200 29763 "-" "JFrog-Router/7.51.0-1" "172.27.185.79"
172.27.187.222 - - [04/May/2023:07:14:25 +0100] "GET /artifactory/api/npm/boi-npm/duplexer HTTP/1.1" 200 3896 "-" "npm/8.15.0 node/v16.17.0 win32 x64 workspaces/false" "10.20.67.5"
172.27.187.222 - - [04/May/2023:07:14:25 +0100] "GET /artifactory/api/npm/boi-npm/duplexify HTTP/1.1" 200 27594 "-" "npm/8.15.0 node/v16.17.0 win32 x64 workspaces/false" "10.20.67.5"
172.27.187.222 - - [04/May/2023:07:14:26 +0100] "GET /artifactory/api/npm/boi-npm/ecc-jsbn HTTP/1.1" 200 2303 "-" "npm/8.15.0 node/v16.17.0 win32 x64 workspaces/false" "10.20.67.5"
172.27.187.222 - - [04/May/2023:07:14:26 +0100] "GET /artifactory/api/npm/boi-npm/editorconfig HTTP/1.1" 200 20689 "-" "npm/8.15.0 node/v16.17.0 win32 x64 workspaces/false" "10.20.67.5"
172.27.187.187 - - [04/May/2023:07:14:26 +0100] "GET /router/api/v1/system/health HTTP/1.1" 200 1195 "-" "ELB-HealthChecker/2.0" "-"
172.27.187.134 - - [04/May/2023:07:14:26 +0100] "GET /router/api/v1/system/health HTTP/1.1" 200 1195 "-" "ELB-HealthChecker/2.0" "-"
172.27.187.222 - - [04/May/2023:07:14:27 +0100] "GET /artifactory/api/npm/boi-npm/ee-first HTTP/1.1" 200 4090 "-" "npm/8.15.0 node/v16.17.0 win32 x64 workspaces/false" "10.20.67.5"
172.27.187.222 - - [04/May/2023:07:14:27 +0100] "GET /artifactory/api/npm/boi-npm/ejs HTTP/1.1" 304 0 "-" "npm/8.15.0 node/v16.17.0 win32 x64 workspaces/false" "10.20.67.5"
172.27.187.222 - - [04/May/2023:07:14:27 +0100] "GET /access/api/v1/topology HTTP/1.1" 200 29763 "-" "JFrog-Router/7.51.0-1" "172.27.185.79"
127.0.0.1 - - [04/May/2023:07:14:27 +0100] "GET /artifactory/api/v1/metrics HTTP/1.1" 200 12274 "-" "python-requests/2.27.1" "-"
172.27.187.222 - - [04/May/2023:07:14:28 +0100] "GET /router/api/v1/system/health HTTP/1.1" 200 1195 "-" "ELB-HealthChecker/2.0" "-"
172.27.187.222 - - [04/May/2023:07:14:28 +0100] "GET /artifactory/api/npm/boi-npm/elliptic HTTP/1.1" 200 64946 "-" "npm/8.15.0 node/v16.17.0 win32 x64 workspaces/false" "10.20.67.5"
172.27.187.222 - - [04/May/2023:07:14:28 +0100] "GET /artifactory/api/npm/boi-npm/electron-to-chromium HTTP/1.1" 200 959593 "-" "npm/8.15.0 node/v16.17.0 win32 x64 workspaces/false" "10.20.67.5"
172.27.187.222 - - [04/May/2023:07:14:29 +0100] "GET /artifactory/api/npm/boi-npm/emittery HTTP/1.1" 200 21834 "-" "npm/8.15.0 node/v16.17.0 win32 x64 workspaces/false" "10.20.67.5"
172.27.187.222 - - [04/May/2023:07:14:30 +0100] "GET /artifactory/api/npm/boi-npm/emoji-regex HTTP/1.1" 200 25643 "-" "npm/8.15.0 node/v16.17.0 win32 x64 workspaces/false" "10.20.67.5"
172.27.187.222 - - [04/May/2023:07:14:30 +0100] "GET /artifactory/api/npm/boi-npm/emojis-list HTTP/1.1" 200 7168 "-" "npm/8.15.0 node/v16.17.0 win32 x64 workspaces/false" "10.20.67.5"
172.27.187.222 - - [04/May/2023:07:14:30 +0100] "GET /access/api/v1/topology HTTP/1.1" 200 29763 "-" "JFrog-Router/7.51.0-1" "172.27.185.79"
172.27.187.187 - - [04/May/2023:07:14:31 +0100] "GET /router/api/v1/system/health HTTP/1.1" 200 1195 "-" "ELB-HealthChecker/2.0" "-"
172.27.187.134 - - [04/May/2023:07:14:31 +0100] "GET /router/api/v1/system/health HTTP/1.1" 200 1195 "-" "ELB-HealthChecker/2.0" "-"
172.27.187.222 - - [04/May/2023:07:14:31 +0100] "GET /artifactory/api/npm/boi-npm/encodeurl HTTP/1.1" 200 2444 "-" "npm/8.15.0 node/v16.17.0 win32 x64 workspaces/false" "10.20.67.5"
172.27.187.222 - - [04/May/2023:07:14:32 +0100] "GET /artifactory/api/npm/boi-npm/end-of-stream HTTP/1.1" 200 8191 "-" "npm/8.15.0 node/v16.17.0 win32 x64 workspaces/false" "10.20.67.5"
172.27.187.222 - - [04/May/2023:07:14:32 +0100] "GET /artifactory/api/npm/boi-npm/endent HTTP/1.1" 200 14668 "-" "npm/8.15.0 node/v16.17.0 win32 x64 workspaces/false" "10.20.67.5"
172.27.187.222 - - [04/May/2023:07:14:33 +0100] "GET /router/api/v1/system/health HTTP/1.1" 200 1195 "-" "ELB-HealthChecker/2.0" "-"
172.27.187.222 - - [04/May/2023:07:14:33 +0100] "GET /artifactory/api/npm/boi-npm/enhanced-resolve HTTP/1.1" 200 114716 "-" "npm/8.15.0 node/v16.17.0 win32 x64 workspaces/false" "10.20.67.5"
172.27.187.222 - - [04/May/2023:07:14:33 +0100] "GET /access/api/v1/topology HTTP/1.1" 200 29763 "-" "JFrog-Router/7.51.0-1" "172.27.185.79"
172.27.187.222 - - [04/May/2023:07:14:34 +0100] "GET /artifactory/api/npm/boi-npm/memory-fs HTTP/1.1" 200 5216 "-" "npm/8.15.0 node/v16.17.0 win32 x64 workspaces/false" "10.20.67.5"
172.27.187.222 - - [04/May/2023:07:14:34 +0100] "GET /artifactory/api/npm/boi-npm/enquirer HTTP/1.1" 200 37708 "-" "npm/8.15.0 node/v16.17.0 win32 x64 workspaces/false" "10.20.67.5"
172.27.187.222 - - [04/May/2023:07:14:35 +0100] "GET /artifactory/api/npm/boi-npm/errno HTTP/1.1" 200 9559 "-" "npm/8.15.0 node/v16.17.0 win32 x64 workspaces/false" "10.20.67.5"
172.27.187.222 - - [04/May/2023:07:14:35 +0100] "GET /artifactory/api/npm/boi-npm/entities HTTP/1.1" 200 23696 "-" "npm/8.15.0 node/v16.17.0 win32 x64 workspaces/false" "10.20.67.5"
172.27.187.222 - - [04/May/2023:07:14:35 +0100] "GET /artifactory/api/npm/boi-npm/error-ex HTTP/1.1" 200 10986 "-" "npm/8.15.0 node/v16.17.0 win32 x64 workspaces/false" "10.20.67.5"
172.27.187.222 - - [04/May/2023:07:14:36 +0100] "GET /artifactory/api/npm/boi-npm/error-stack-parser HTTP/1.1" 200 44873 "-" "npm/8.15.0 node/v16.17.0 win32 x64 workspaces/false" "10.20.67.5"
172.27.187.187 - - [04/May/2023:07:14:36 +0100] "GET /router/api/v1/system/health HTTP/1.1" 200 1195 "-" "ELB-HealthChecker/2.0" "-"
172.27.187.222 - - [04/May/2023:07:14:36 +0100] "GET /access/api/v1/topology HTTP/1.1" 200 29763 "-" "JFrog-Router/7.51.0-1" "172.27.185.79"
172.27.187.134 - - [04/May/2023:07:14:36 +0100] "GET /router/api/v1/system/health HTTP/1.1" 200 1195 "-" "ELB-HealthChecker/2.0" "-"
172.27.187.222 - - [04/May/2023:07:14:37 +0100] "GET /artifactory/api/npm/boi-npm/es-abstract HTTP/1.1" 200 116430 "-" "npm/8.15.0 node/v16.17.0 win32 x64 workspaces/false" "10.20.67.5"
172.27.187.222 - - [04/May/2023:07:14:37 +0100] "GET /artifactory/api/npm/boi-npm/es-array-method-boxes-properly HTTP/1.1" 200 845 "-" "npm/8.15.0 node/v16.17.0 win32 x64 workspaces/false" "10.20.67.5"
172.27.187.222 - - [04/May/2023:07:14:38 +0100] "GET /artifactory/api/npm/boi-npm/es-get-iterator HTTP/1.1" 200 8816 "-" "npm/8.15.0 node/v16.17.0 win32 x64 workspaces/false" "10.20.67.5"
172.27.187.222 - - [04/May/2023:07:14:38 +0100] "GET /router/api/v1/system/health HTTP/1.1" 200 1195 "-" "ELB-HealthChecker/2.0" "-"
172.27.187.222 - - [04/May/2023:07:14:38 +0100] "GET /artifactory/api/npm/boi-npm/es-set-tostringtag HTTP/1.1" 200 3205 "-" "npm/8.15.0 node/v16.17.0 win32 x64 workspaces/false" "10.20.67.5"
172.27.187.222 - - [04/May/2023:07:14:38 +0100] "GET /artifactory/api/npm/boi-npm/es-shim-unscopables HTTP/1.1" 200 1121 "-" "npm/8.15.0 node/v16.17.0 win32 x64 workspaces/false" "10.20.67.5"
172.27.187.222 - - [04/May/2023:07:14:39 +0100] "GET /access/api/v1/topology HTTP/1.1" 200 29763 "-" "JFrog-Router/7.51.0-1" "172.27.185.79"
172.27.187.222 - - [04/May/2023:07:14:39 +0100] "GET /artifactory/api/npm/boi-npm/es5-ext HTTP/1.1" 200 58980 "-" "npm/8.15.0 node/v16.17.0 win32 x64 workspaces/false" "10.20.67.5"
172.27.187.222 - - [04/May/2023:07:14:40 +0100] "GET /artifactory/api/npm/boi-npm/es-to-primitive HTTP/1.1" 200 6388 "-" "npm/8.15.0 node/v16.17.0 win32 x64 workspaces/false" "10.20.67.5"
172.27.187.222 - - [04/May/2023:07:14:41 +0100] "GET /artifactory/api/npm/boi-npm/es5-shim HTTP/1.1" 200 67270 "-" "npm/8.15.0 node/v16.17.0 win32 x64 workspaces/false" "10.20.67.5"
172.27.187.222 - - [04/May/2023:07:14:41 +0100] "GET /artifactory/api/npm/boi-npm/es6-iterator HTTP/1.1" 200 7405 "-" "npm/8.15.0 node/v16.17.0 win32 x64 workspaces/false" "10.20.67.5"
172.27.187.187 - - [04/May/2023:07:14:41 +0100] "GET /router/api/v1/system/health HTTP/1.1" 200 1195 "-" "ELB-HealthChecker/2.0" "-"
172.27.187.134 - - [04/May/2023:07:14:41 +0100] "GET /router/api/v1/system/health HTTP/1.1" 200 1195 "-" "ELB-HealthChecker/2.0" "-"
172.27.187.222 - - [04/May/2023:07:14:42 +0100] "GET /artifactory/api/npm/boi-npm/es6-symbol HTTP/1.1" 200 9034 "-" "npm/8.15.0 node/v16.17.0 win32 x64 workspaces/false" "10.20.67.5"
172.27.187.222 - - [04/May/2023:07:14:42 +0100] "GET /access/api/v1/topology HTTP/1.1" 200 29763 "-" "JFrog-Router/7.51.0-1" "172.27.185.79"
127.0.0.1 - - [04/May/2023:07:14:42 +0100] "GET /artifactory/api/v1/metrics HTTP/1.1" 200 8300 "-" "python-requests/2.27.1" "-"
172.27.187.222 - - [04/May/2023:07:14:42 +0100] "GET /artifactory/api/npm/boi-npm/es6-shim HTTP/1.1" 200 79414 "-" "npm/8.15.0 node/v16.17.0 win32 x64 workspaces/false" "10.20.67.5"
172.27.187.222 - - [04/May/2023:07:14:43 +0100] "GET /router/api/v1/system/health HTTP/1.1" 200 1195 "-" "ELB-HealthChecker/2.0" "-"
172.27.187.222 - - [04/May/2023:07:14:43 +0100] "GET /artifactory/api/npm/boi-npm/escalade HTTP/1.1" 200 5262 "-" "npm/8.15.0 node/v16.17.0 win32 x64 workspaces/false" "10.20.67.5"
172.27.187.222 - - [04/May/2023:07:14:43 +0100] "GET /artifactory/api/npm/boi-npm/escape-html HTTP/1.1" 200 2562 "-" "npm/8.15.0 node/v16.17.0 win32 x64 workspaces/false" "10.20.67.5"
172.27.187.222 - - [04/May/2023:07:14:44 +0100] "GET /artifactory/api/npm/boi-npm/eslint HTTP/1.1" 200 965212 "-" "npm/8.15.0 node/v16.17.0 win32 x64 workspaces/false" "10.20.67.5"
172.27.187.134 - - [04/May/2023:07:14:44 +0100] "GET /artifactory/boi-external/org/apache/commons/commons-lang3/3.0/commons-lang3-3.0.pom HTTP/1.1" 200 17659 "-" "Apache-Maven/3.6.3 (Java 1.8.0_202; Linux 3.10.0-1160.88.1.el7.x86_64)" "172.27.187.57"
172.27.187.222 - - [04/May/2023:07:14:45 +0100] "GET /artifactory/api/npm/boi-npm/eslint-utils HTTP/1.1" 200 14211 "-" "npm/8.15.0 node/v16.17.0 win32 x64 workspaces/false" "10.20.67.5"
172.27.187.222 - - [04/May/2023:07:14:45 +0100] "GET /access/api/v1/topology HTTP/1.1" 200 29763 "-" "JFrog-Router/7.51.0-1" "172.27.185.79"
172.27.187.222 - - [04/May/2023:07:14:45 +0100] "GET /artifactory/api/npm/boi-npm/levn HTTP/1.1" 200 7274 "-" "npm/8.15.0 node/v16.17.0 win32 x64 workspaces/false" "10.20.67.5"
172.27.187.222 - - [04/May/2023:07:14:46 +0100] "GET /artifactory/api/npm/boi-npm/optionator HTTP/1.1" 200 14844 "-" "npm/8.15.0 node/v16.17.0 win32 x64 workspaces/false" "10.20.67.5"
172.27.187.222 - - [04/May/2023:07:14:46 +0100] "GET /artifactory/api/npm/boi-npm/prelude-ls HTTP/1.1" 200 9384 "-" "npm/8.15.0 node/v16.17.0 win32 x64 workspaces/false" "10.20.67.5"
172.27.187.187 - - [04/May/2023:07:14:46 +0100] "GET /router/api/v1/system/health HTTP/1.1" 200 1195 "-" "ELB-HealthChecker/2.0" "-"
172.27.187.134 - - [04/May/2023:07:14:46 +0100] "GET /router/api/v1/system/health HTTP/1.1" 200 1195 "-" "ELB-HealthChecker/2.0" "-"
172.27.187.222 - - [04/May/2023:07:14:47 +0100] "GET /artifactory/api/npm/boi-npm/eslint-config-react-app HTTP/1.1" 200 79778 "-" "npm/8.15.0 node/v16.17.0 win32 x64 workspaces/false" "10.20.67.5"
172.27.187.222 - - [04/May/2023:07:14:47 +0100] "GET /artifactory/api/npm/boi-npm/type-check HTTP/1.1" 200 4528 "-" "npm/8.15.0 node/v16.17.0 win32 x64 workspaces/false" "10.20.67.5"
172.27.187.222 - - [04/May/2023:07:14:48 +0100] "GET /router/api/v1/system/health HTTP/1.1" 200 1195 "-" "ELB-HealthChecker/2.0" "-"
172.27.187.222 - - [04/May/2023:07:14:48 +0100] "GET /artifactory/api/npm/boi-npm/eslint-import-resolver-node HTTP/1.1" 200 10360 "-" "npm/8.15.0 node/v16.17.0 win32 x64 workspaces/false" "10.20.67.5"
172.27.187.222 - - [04/May/2023:07:14:48 +0100] "GET /artifactory/api/npm/boi-npm/eslint-module-utils HTTP/1.1" 200 15769 "-" "npm/8.15.0 node/v16.17.0 win32 x64 workspaces/false" "10.20.67.5"
172.27.187.222 - - [04/May/2023:07:14:48 +0100] "GET /access/api/v1/topology HTTP/1.1" 200 29763 "-" "JFrog-Router/7.51.0-1" "172.27.185.79"
172.27.187.222 - - [04/May/2023:07:14:49 +0100] "GET /artifactory/api/npm/boi-npm/eslint-plugin-flowtype HTTP/1.1" 200 240664 "-" "npm/8.15.0 node/v16.17.0 win32 x64 workspaces/false" "10.20.67.5"
172.27.187.222 - - [04/May/2023:07:14:49 +0100] "GET /artifactory/api/npm/boi-npm/eslint-plugin-import HTTP/1.1" 200 232383 "-" "npm/8.15.0 node/v16.17.0 win32 x64 workspaces/false" "10.20.67.5"
172.27.187.222 - - [04/May/2023:07:14:51 +0100] "GET /artifactory/api/npm/boi-npm/eslint-plugin-jest HTTP/1.1" 200 520533 "-" "npm/8.15.0 node/v16.17.0 win32 x64 workspaces/false" "10.20.67.5"
172.27.187.222 - - [04/May/2023:07:14:51 +0100] "GET /artifactory/api/npm/boi-npm/eslint-plugin-jsx-a11y HTTP/1.1" 200 104883 "-" "npm/8.15.0 node/v16.17.0 win32 x64 workspaces/false" "10.20.67.5"
172.27.187.187 - - [04/May/2023:07:14:51 +0100] "GET /router/api/v1/system/health HTTP/1.1" 200 1195 "-" "ELB-HealthChecker/2.0" "-"
172.27.187.222 - - [04/May/2023:07:14:51 +0100] "GET /access/api/v1/topology HTTP/1.1" 200 29763 "-" "JFrog-Router/7.51.0-1" "172.27.185.79"
172.27.187.134 - - [04/May/2023:07:14:51 +0100] "GET /router/api/v1/system/health HTTP/1.1" 200 1195 "-" "ELB-HealthChecker/2.0" "-"
172.27.187.222 - - [04/May/2023:07:14:51 +0100] "GET /artifactory/api/npm/boi-npm/eslint-plugin-react HTTP/1.1" 200 239952 "-" "npm/8.15.0 node/v16.17.0 win32 x64 workspaces/false" "10.20.67.5"
172.27.187.222 - - [04/May/2023:07:14:52 +0100] "GET /artifactory/api/npm/boi-npm/eslint-plugin-testing-library HTTP/1.1" 200 253770 "-" "npm/8.15.0 node/v16.17.0 win32 x64 workspaces/false" "10.20.67.5"
172.27.187.222 - - [04/May/2023:07:14:53 +0100] "GET /router/api/v1/system/health HTTP/1.1" 200 1195 "-" "ELB-HealthChecker/2.0" "-"
172.27.187.222 - - [04/May/2023:07:14:53 +0100] "GET /artifactory/api/npm/boi-npm/eslint-scope HTTP/1.1" 200 19077 "-" "npm/8.15.0 node/v16.17.0 win32 x64 workspaces/false" "10.20.67.5"
172.27.187.222 - - [04/May/2023:07:14:53 +0100] "GET /artifactory/api/npm/boi-npm/eslint-plugin-react-hooks HTTP/1.1" 200 1245391 "-" "npm/8.15.0 node/v16.17.0 win32 x64 workspaces/false" "10.20.67.5"
172.27.187.222 - - [04/May/2023:07:14:54 +0100] "GET /artifactory/api/npm/boi-npm/eslint-webpack-plugin HTTP/1.1" 304 0 "-" "npm/8.15.0 node/v16.17.0 win32 x64 workspaces/false" "10.20.67.5"
172.27.187.222 - - [04/May/2023:07:14:54 +0100] "GET /access/api/v1/topology HTTP/1.1" 200 29763 "-" "JFrog-Router/7.51.0-1" "172.27.185.79"
172.27.187.222 - - [04/May/2023:07:14:54 +0100] "GET /artifactory/api/npm/boi-npm/jest-worker HTTP/1.1" 200 127715 "-" "npm/8.15.0 node/v16.17.0 win32 x64 workspaces/false" "10.20.67.5"
172.27.187.222 - - [04/May/2023:07:14:55 +0100] "GET /artifactory/api/npm/boi-npm/esprima HTTP/1.1" 200 43957 "-" "npm/8.15.0 node/v16.17.0 win32 x64 workspaces/false" "10.20.67.5"
172.27.187.222 - - [04/May/2023:07:14:56 +0100] "GET /artifactory/api/npm/boi-npm/espree HTTP/1.1" 200 113468 "-" "npm/8.15.0 node/v16.17.0 win32 x64 workspaces/false" "10.20.67.5"
172.27.187.187 - - [04/May/2023:07:14:56 +0100] "GET /router/api/v1/system/health HTTP/1.1" 200 1195 "-" "ELB-HealthChecker/2.0" "-"
172.27.187.134 - - [04/May/2023:07:14:56 +0100] "GET /router/api/v1/system/health HTTP/1.1" 200 1195 "-" "ELB-HealthChecker/2.0" "-"
172.27.187.222 - - [04/May/2023:07:14:57 +0100] "GET /artifactory/api/npm/boi-npm/esquery HTTP/1.1" 200 15081 "-" "npm/8.15.0 node/v16.17.0 win32 x64 workspaces/false" "10.20.67.5"
172.27.187.222 - - [04/May/2023:07:14:57 +0100] "GET /artifactory/api/npm/boi-npm/esrecurse HTTP/1.1" 200 13066 "-" "npm/8.15.0 node/v16.17.0 win32 x64 workspaces/false" "10.20.67.5"
172.27.187.222 - - [04/May/2023:07:14:57 +0100] "GET /access/api/v1/topology HTTP/1.1" 200 29763 "-" "JFrog-Router/7.51.0-1" "172.27.185.79"
127.0.0.1 - - [04/May/2023:07:14:57 +0100] "GET /artifactory/api/v1/metrics HTTP/1.1" 200 16375 "-" "python-requests/2.27.1" "-"
172.27.187.222 - - [04/May/2023:07:14:58 +0100] "GET /artifactory/api/npm/boi-npm/estree-to-babel HTTP/1.1" 200 47261 "-" "npm/8.15.0 node/v16.17.0 win32 x64 workspaces/false" "10.20.67.5"
172.27.187.222 - - [04/May/2023:07:14:58 +0100] "GET /router/api/v1/system/health HTTP/1.1" 200 1195 "-" "ELB-HealthChecker/2.0" "-"
172.27.187.222 - - [04/May/2023:07:14:58 +0100] "GET /artifactory/api/npm/boi-npm/estree-walker HTTP/1.1" 200 18118 "-" "npm/8.15.0 node/v16.17.0 win32 x64 workspaces/false" "10.20.67.5"
172.27.187.222 - - [04/May/2023:07:14:59 +0100] "GET /artifactory/api/npm/boi-npm/esutils HTTP/1.1" 200 9934 "-" "npm/8.15.0 node/v16.17.0 win32 x64 workspaces/false" "10.20.67.5"
172.27.187.222 - - [04/May/2023:07:14:59 +0100] "GET /artifactory/api/npm/boi-npm/etag HTTP/1.1" 200 10256 "-" "npm/8.15.0 node/v16.17.0 win32 x64 workspaces/false" "10.20.67.5"
172.27.187.222 - - [04/May/2023:07:15:00 +0100] "GET /artifactory/api/npm/boi-npm/events HTTP/1.1" 200 11217 "-" "npm/8.15.0 node/v16.17.0 win32 x64 workspaces/false" "10.20.67.5"
172.27.187.222 - - [04/May/2023:07:15:00 +0100] "GET /access/api/v1/topology HTTP/1.1" 200 29763 "-" "JFrog-Router/7.51.0-1" "172.27.185.79"
172.27.187.222 - - [04/May/2023:07:15:00 +0100] "GET /artifactory/api/npm/boi-npm/eventemitter3 HTTP/1.1" 200 24243 "-" "npm/8.15.0 node/v16.17.0 win32 x64 workspaces/false" "10.20.67.5"
172.27.187.222 - - [04/May/2023:07:15:01 +0100] "GET /artifactory/api/npm/boi-npm/eventsource HTTP/1.1" 200 26684 "-" "npm/8.15.0 node/v16.17.0 win32 x64 workspaces/false" "10.20.67.5"
172.27.187.187 - - [04/May/2023:07:15:01 +0100] "GET /router/api/v1/system/health HTTP/1.1" 200 1195 "-" "ELB-HealthChecker/2.0" "-"
172.27.187.222 - - [04/May/2023:07:15:01 +0100] "GET /artifactory/api/npm/boi-npm/evp_bytestokey HTTP/1.1" 200 2997 "-" "npm/8.15.0 node/v16.17.0 win32 x64 workspaces/false" "10.20.67.5"
172.27.187.134 - - [04/May/2023:07:15:01 +0100] "GET /router/api/v1/system/health HTTP/1.1" 200 1195 "-" "ELB-HealthChecker/2.0" "-"
172.27.187.222 - - [04/May/2023:07:15:02 +0100] "GET /artifactory/api/npm/boi-npm/exit HTTP/1.1" 200 2197 "-" "npm/8.15.0 node/v16.17.0 win32 x64 workspaces/false" "10.20.67.5"
172.27.187.222 - - [04/May/2023:07:15:03 +0100] "GET /artifactory/api/npm/boi-npm/exec-sh HTTP/1.1" 200 11090 "-" "npm/8.15.0 node/v16.17.0 win32 x64 workspaces/false" "10.20.67.5"
172.27.187.222 - - [04/May/2023:07:15:03 +0100] "GET /router/api/v1/system/health HTTP/1.1" 200 1195 "-" "ELB-HealthChecker/2.0" "-"
172.27.187.222 - - [04/May/2023:07:15:03 +0100] "GET /access/api/v1/topology HTTP/1.1" 200 29763 "-" "JFrog-Router/7.51.0-1" "172.27.185.79"
172.27.187.222 - - [04/May/2023:07:15:04 +0100] "GET /artifactory/api/npm/boi-npm/expand-brackets HTTP/1.1" 304 0 "-" "npm/8.15.0 node/v16.17.0 win32 x64 workspaces/false" "10.20.67.5"
172.27.187.222 - - [04/May/2023:07:15:04 +0100] "GET /artifactory/api/npm/boi-npm/express HTTP/1.1" 200 383742 "-" "npm/8.15.0 node/v16.17.0 win32 x64 workspaces/false" "10.20.67.5"
172.27.187.222 - - [04/May/2023:07:15:05 +0100] "GET /artifactory/api/npm/boi-npm/ext HTTP/1.1" 200 12819 "-" "npm/8.15.0 node/v16.17.0 win32 x64 workspaces/false" "10.20.67.5"
172.27.187.222 - - [04/May/2023:07:15:05 +0100] "GET /artifactory/api/npm/boi-npm/type HTTP/1.1" 200 15792 "-" "npm/8.15.0 node/v16.17.0 win32 x64 workspaces/false" "10.20.67.5"
172.27.187.222 - - [04/May/2023:07:15:06 +0100] "GET /artifactory/api/npm/boi-npm/external-editor HTTP/1.1" 200 15427 "-" "npm/8.15.0 node/v16.17.0 win32 x64 workspaces/false" "10.20.67.5"
172.27.187.222 - - [04/May/2023:07:15:06 +0100] "GET /artifactory/api/npm/boi-npm/extend HTTP/1.1" 200 7833 "-" "npm/8.15.0 node/v16.17.0 win32 x64 workspaces/false" "10.20.67.5"
172.27.187.187 - - [04/May/2023:07:15:06 +0100] "GET /router/api/v1/system/health HTTP/1.1" 200 1195 "-" "ELB-HealthChecker/2.0" "-"
172.27.187.222 - - [04/May/2023:07:15:06 +0100] "GET /access/api/v1/topology HTTP/1.1" 200 29763 "-" "JFrog-Router/7.51.0-1" "172.27.185.79"
172.27.187.134 - - [04/May/2023:07:15:06 +0100] "GET /router/api/v1/system/health HTTP/1.1" 200 1195 "-" "ELB-HealthChecker/2.0" "-"
172.27.187.222 - - [04/May/2023:07:15:07 +0100] "GET /artifactory/api/npm/boi-npm/extsprintf HTTP/1.1" 200 5724 "-" "npm/8.15.0 node/v16.17.0 win32 x64 workspaces/false" "10.20.67.5"
172.27.187.222 - - [04/May/2023:07:15:07 +0100] "GET /artifactory/api/npm/boi-npm/extglob HTTP/1.1" 304 0 "-" "npm/8.15.0 node/v16.17.0 win32 x64 workspaces/false" "10.20.67.5"
172.27.187.222 - - [04/May/2023:07:15:08 +0100] "GET /router/api/v1/system/health HTTP/1.1" 200 1195 "-" "ELB-HealthChecker/2.0" "-"
172.27.187.222 - - [04/May/2023:07:15:09 +0100] "GET /artifactory/api/npm/boi-npm/fast-deep-equal HTTP/1.1" 200 11902 "-" "npm/8.15.0 node/v16.17.0 win32 x64 workspaces/false" "10.20.67.5"
172.27.187.222 - - [04/May/2023:07:15:09 +0100] "GET /artifactory/api/npm/boi-npm/fast-json-parse HTTP/1.1" 200 2642 "-" "npm/8.15.0 node/v16.17.0 win32 x64 workspaces/false" "10.20.67.5"
172.27.187.222 - - [04/May/2023:07:15:09 +0100] "GET /access/api/v1/topology HTTP/1.1" 200 29763 "-" "JFrog-Router/7.51.0-1" "172.27.185.79"
172.27.187.134 - - [04/May/2023:07:15:09 +0100] "GET /artifactory/boi-external/org/apache/commons/commons-parent/21/commons-parent-21.pom HTTP/1.1" 200 33993 "-" "Apache-Maven/3.6.3 (Java 1.8.0_202; Linux 3.10.0-1160.88.1.el7.x86_64)" "172.27.187.57"
172.27.187.222 - - [04/May/2023:07:15:09 +0100] "GET /artifactory/api/npm/boi-npm/fast-json-stable-stringify HTTP/1.1" 200 2438 "-" "npm/8.15.0 node/v16.17.0 win32 x64 workspaces/false" "10.20.67.5"
172.27.187.222 - - [04/May/2023:07:15:10 +0100] "GET /artifactory/api/npm/boi-npm/fast-levenshtein HTTP/1.1" 200 17420 "-" "npm/8.15.0 node/v16.17.0 win32 x64 workspaces/false" "10.20.67.5"
172.27.187.222 - - [04/May/2023:07:15:10 +0100] "GET /artifactory/api/npm/boi-npm/fastq HTTP/1.1" 200 16645 "-" "npm/8.15.0 node/v16.17.0 win32 x64 workspaces/false" "10.20.67.5"
172.27.187.222 - - [04/May/2023:07:15:11 +0100] "GET /artifactory/api/npm/boi-npm/faye-websocket HTTP/1.1" 200 20021 "-" "npm/8.15.0 node/v16.17.0 win32 x64 workspaces/false" "10.20.67.5"
172.27.187.187 - - [04/May/2023:07:15:11 +0100] "GET /router/api/v1/system/health HTTP/1.1" 200 1195 "-" "ELB-HealthChecker/2.0" "-"
172.27.187.134 - - [04/May/2023:07:15:11 +0100] "GET /router/api/v1/system/health HTTP/1.1" 200 1195 "-" "ELB-HealthChecker/2.0" "-"
172.27.187.222 - - [04/May/2023:07:15:12 +0100] "GET /artifactory/api/npm/boi-npm/fb-watchman HTTP/1.1" 200 8968 "-" "npm/8.15.0 node/v16.17.0 win32 x64 workspaces/false" "10.20.67.5"
172.27.187.222 - - [04/May/2023:07:15:12 +0100] "GET /artifactory/api/npm/boi-npm/fetch-retry HTTP/1.1" 200 30185 "-" "npm/8.15.0 node/v16.17.0 win32 x64 workspaces/false" "10.20.67.5"
172.27.187.222 - - [04/May/2023:07:15:12 +0100] "GET /access/api/v1/topology HTTP/1.1" 200 29763 "-" "JFrog-Router/7.51.0-1" "172.27.185.79"
127.0.0.1 - - [04/May/2023:07:15:12 +0100] "GET /artifactory/api/v1/metrics HTTP/1.1" 200 16388 "-" "python-requests/2.27.1" "-"
172.27.187.222 - - [04/May/2023:07:15:13 +0100] "GET /artifactory/api/npm/boi-npm/figgy-pudding HTTP/1.1" 200 9965 "-" "npm/8.15.0 node/v16.17.0 win32 x64 workspaces/false" "10.20.67.5"
172.27.187.222 - - [04/May/2023:07:15:13 +0100] "GET /router/api/v1/system/health HTTP/1.1" 200 1195 "-" "ELB-HealthChecker/2.0" "-"
172.27.187.222 - - [04/May/2023:07:15:13 +0100] "GET /artifactory/api/npm/boi-npm/figures HTTP/1.1" 200 14156 "-" "npm/8.15.0 node/v16.17.0 win32 x64 workspaces/false" "10.20.67.5"
172.27.187.222 - - [04/May/2023:07:15:13 +0100] "GET /artifactory/api/npm/boi-npm/file-entry-cache HTTP/1.1" 200 16067 "-" "npm/8.15.0 node/v16.17.0 win32 x64 workspaces/false" "10.20.67.5"
172.27.187.222 - - [04/May/2023:07:15:14 +0100] "GET /artifactory/api/npm/boi-npm/file-system-cache HTTP/1.1" 200 10738 "-" "npm/8.15.0 node/v16.17.0 win32 x64 workspaces/false" "10.20.67.5"
172.27.187.222 - - [04/May/2023:07:15:15 +0100] "GET /artifactory/api/npm/boi-npm/fs-extra HTTP/1.1" 200 81478 "-" "npm/8.15.0 node/v16.17.0 win32 x64 workspaces/false" "10.20.67.5"
172.27.187.222 - - [04/May/2023:07:15:15 +0100] "GET /access/api/v1/topology HTTP/1.1" 200 29763 "-" "JFrog-Router/7.51.0-1" "172.27.185.79"
172.27.187.222 - - [04/May/2023:07:15:15 +0100] "GET /artifactory/api/npm/boi-npm/file-uri-to-path HTTP/1.1" 200 2982 "-" "npm/8.15.0 node/v16.17.0 win32 x64 workspaces/false" "10.20.67.5"
172.27.187.222 - - [04/May/2023:07:15:16 +0100] "GET /artifactory/api/npm/boi-npm/filesize HTTP/1.1" 200 91650 "-" "npm/8.15.0 node/v16.17.0 win32 x64 workspaces/false" "10.20.67.5"
172.27.187.222 - - [04/May/2023:07:15:16 +0100] "GET /artifactory/api/npm/boi-npm/finalhandler HTTP/1.1" 200 27903 "-" "npm/8.15.0 node/v16.17.0 win32 x64 workspaces/false" "10.20.67.5"
172.27.187.187 - - [04/May/2023:07:15:16 +0100] "GET /router/api/v1/system/health HTTP/1.1" 200 1195 "-" "ELB-HealthChecker/2.0" "-"
172.27.187.134 - - [04/May/2023:07:15:16 +0100] "GET /router/api/v1/system/health HTTP/1.1" 200 1195 "-" "ELB-HealthChecker/2.0" "-"
172.27.187.222 - - [04/May/2023:07:15:17 +0100] "GET /artifactory/api/npm/boi-npm/find-root HTTP/1.1" 200 2969 "-" "npm/8.15.0 node/v16.17.0 win32 x64 workspaces/false" "10.20.67.5"
172.27.187.222 - - [04/May/2023:07:15:17 +0100] "GET /artifactory/api/npm/boi-npm/flat-cache HTTP/1.1" 200 25095 "-" "npm/8.15.0 node/v16.17.0 win32 x64 workspaces/false" "10.20.67.5"
172.27.187.222 - - [04/May/2023:07:15:18 +0100] "GET /router/api/v1/system/health HTTP/1.1" 200 1195 "-" "ELB-HealthChecker/2.0" "-"
172.27.187.222 - - [04/May/2023:07:15:18 +0100] "GET /artifactory/api/npm/boi-npm/flatted HTTP/1.1" 200 24090 "-" "npm/8.15.0 node/v16.17.0 win32 x64 workspaces/false" "10.20.67.5"
172.27.187.222 - - [04/May/2023:07:15:18 +0100] "GET /artifactory/api/npm/boi-npm/flatten HTTP/1.1" 200 4183 "-" "npm/8.15.0 node/v16.17.0 win32 x64 workspaces/false" "10.20.67.5"
172.27.187.222 - - [04/May/2023:07:15:18 +0100] "GET /access/api/v1/topology HTTP/1.1" 200 29763 "-" "JFrog-Router/7.51.0-1" "172.27.185.79"
172.27.187.222 - - [04/May/2023:07:15:19 +0100] "GET /artifactory/api/npm/boi-npm/flush-write-stream HTTP/1.1" 200 4658 "-" "npm/8.15.0 node/v16.17.0 win32 x64 workspaces/false" "10.20.67.5"
172.27.187.222 - - [04/May/2023:07:15:20 +0100] "GET /artifactory/api/npm/boi-npm/focus-lock HTTP/1.1" 200 46412 "-" "npm/8.15.0 node/v16.17.0 win32 x64 workspaces/false" "10.20.67.5"
172.27.187.222 - - [04/May/2023:07:15:20 +0100] "GET /artifactory/api/npm/boi-npm/follow-redirects HTTP/1.1" 200 50453 "-" "npm/8.15.0 node/v16.17.0 win32 x64 workspaces/false" "10.20.67.5"
172.27.187.222 - - [04/May/2023:07:15:20 +0100] "GET /artifactory/api/npm/boi-npm/for-each HTTP/1.1" 200 2442 "-" "npm/8.15.0 node/v16.17.0 win32 x64 workspaces/false" "10.20.67.5"
172.27.187.222 - - [04/May/2023:07:15:21 +0100] "GET /artifactory/api/npm/boi-npm/for-in HTTP/1.1" 200 6505 "-" "npm/8.15.0 node/v16.17.0 win32 x64 workspaces/false" "10.20.67.5"
172.27.187.187 - - [04/May/2023:07:15:21 +0100] "GET /router/api/v1/system/health HTTP/1.1" 200 1195 "-" "ELB-HealthChecker/2.0" "-"
172.27.187.222 - - [04/May/2023:07:15:21 +0100] "GET /access/api/v1/topology HTTP/1.1" 200 29763 "-" "JFrog-Router/7.51.0-1" "172.27.185.79"
172.27.187.134 - - [04/May/2023:07:15:21 +0100] "GET /router/api/v1/system/health HTTP/1.1" 200 1195 "-" "ELB-HealthChecker/2.0" "-"
172.27.187.222 - - [04/May/2023:07:15:22 +0100] "GET /artifactory/api/npm/boi-npm/foreground-child HTTP/1.1" 200 15049 "-" "npm/8.15.0 node/v16.17.0 win32 x64 workspaces/false" "10.20.67.5"
172.27.187.222 - - [04/May/2023:07:15:23 +0100] "GET /router/api/v1/system/health HTTP/1.1" 200 1195 "-" "ELB-HealthChecker/2.0" "-"
172.27.187.222 - - [04/May/2023:07:15:23 +0100] "GET /artifactory/api/npm/boi-npm/forwarded HTTP/1.1" 200 3424 "-" "npm/8.15.0 node/v16.17.0 win32 x64 workspaces/false" "10.20.67.5"
172.27.187.222 - - [04/May/2023:07:15:23 +0100] "GET /artifactory/api/npm/boi-npm/forever-agent HTTP/1.1" 200 4256 "-" "npm/8.15.0 node/v16.17.0 win32 x64 workspaces/false" "10.20.67.5"
172.27.187.222 - - [04/May/2023:07:15:24 +0100] "GET /artifactory/api/npm/boi-npm/fresh HTTP/1.1" 200 7803 "-" "npm/8.15.0 node/v16.17.0 win32 x64 workspaces/false" "10.20.67.5"
172.27.187.222 - - [04/May/2023:07:15:24 +0100] "GET /access/api/v1/topology HTTP/1.1" 200 29763 "-" "JFrog-Router/7.51.0-1" "172.27.185.79"
172.27.187.222 - - [04/May/2023:07:15:24 +0100] "GET /artifactory/api/npm/boi-npm/fragment-cache HTTP/1.1" 200 2469 "-" "npm/8.15.0 node/v16.17.0 win32 x64 workspaces/false" "10.20.67.5"
172.27.187.222 - - [04/May/2023:07:15:25 +0100] "GET /artifactory/api/npm/boi-npm/from2 HTTP/1.1" 200 8721 "-" "npm/8.15.0 node/v16.17.0 win32 x64 workspaces/false" "10.20.67.5"
172.27.187.222 - - [04/May/2023:07:15:26 +0100] "GET /artifactory/api/npm/boi-npm/fs-minipass HTTP/1.1" 200 12086 "-" "npm/8.15.0 node/v16.17.0 win32 x64 workspaces/false" "10.20.67.5"
172.27.187.222 - - [04/May/2023:07:15:26 +0100] "GET /artifactory/api/npm/boi-npm/fs-monkey HTTP/1.1" 200 14779 "-" "npm/8.15.0 node/v16.17.0 win32 x64 workspaces/false" "10.20.67.5"
172.27.187.187 - - [04/May/2023:07:15:26 +0100] "GET /router/api/v1/system/health HTTP/1.1" 200 1195 "-" "ELB-HealthChecker/2.0" "-"
172.27.187.134 - - [04/May/2023:07:15:26 +0100] "GET /router/api/v1/system/health HTTP/1.1" 200 1195 "-" "ELB-HealthChecker/2.0" "-"
172.27.187.222 - - [04/May/2023:07:15:27 +0100] "GET /artifactory/api/npm/boi-npm/fs.realpath HTTP/1.1" 200 1071 "-" "npm/8.15.0 node/v16.17.0 win32 x64 workspaces/false" "10.20.67.5"
172.27.187.222 - - [04/May/2023:07:15:27 +0100] "GET /artifactory/api/npm/boi-npm/fs-write-stream-atomic HTTP/1.1" 200 8268 "-" "npm/8.15.0 node/v16.17.0 win32 x64 workspaces/false" "10.20.67.5"
172.27.187.222 - - [04/May/2023:07:15:27 +0100] "GET /access/api/v1/topology HTTP/1.1" 200 29763 "-" "JFrog-Router/7.51.0-1" "172.27.185.79"
127.0.0.1 - - [04/May/2023:07:15:27 +0100] "GET /artifactory/api/v1/metrics HTTP/1.1" 200 7062 "-" "python-requests/2.27.1" "-"
172.27.187.222 - - [04/May/2023:07:15:28 +0100] "GET /router/api/v1/system/health HTTP/1.1" 200 1195 "-" "ELB-HealthChecker/2.0" "-"
172.27.187.222 - - [04/May/2023:07:15:28 +0100] "GET /artifactory/api/npm/boi-npm/fsevents HTTP/1.1" 200 50634 "-" "npm/8.15.0 node/v16.17.0 win32 x64 workspaces/false" "10.20.67.5"
172.27.187.222 - - [04/May/2023:07:15:28 +0100] "GET /artifactory/api/npm/boi-npm/function-bind HTTP/1.1" 200 3080 "-" "npm/8.15.0 node/v16.17.0 win32 x64 workspaces/false" "10.20.67.5"
172.27.187.222 - - [04/May/2023:07:15:29 +0100] "GET /artifactory/api/npm/boi-npm/function.prototype.name HTTP/1.1" 200 11976 "-" "npm/8.15.0 node/v16.17.0 win32 x64 workspaces/false" "10.20.67.5"
172.27.187.222 - - [04/May/2023:07:15:29 +0100] "GET /artifactory/api/npm/boi-npm/functional-red-black-tree HTTP/1.1" 200 2094 "-" "npm/8.15.0 node/v16.17.0 win32 x64 workspaces/false" "10.20.67.5"
172.27.187.222 - - [04/May/2023:07:15:30 +0100] "GET /access/api/v1/topology HTTP/1.1" 200 29763 "-" "JFrog-Router/7.51.0-1" "172.27.185.79"
172.27.187.222 - - [04/May/2023:07:15:31 +0100] "GET /artifactory/api/npm/boi-npm/functions-have-names HTTP/1.1" 200 5163 "-" "npm/8.15.0 node/v16.17.0 win32 x64 workspaces/false" "10.20.67.5"
172.27.187.222 - - [04/May/2023:07:15:31 +0100] "GET /artifactory/api/npm/boi-npm/gauge HTTP/1.1" 200 34679 "-" "npm/8.15.0 node/v16.17.0 win32 x64 workspaces/false" "10.20.67.5"
172.27.187.187 - - [04/May/2023:07:15:31 +0100] "GET /router/api/v1/system/health HTTP/1.1" 200 1195 "-" "ELB-HealthChecker/2.0" "-"
172.27.187.134 - - [04/May/2023:07:15:31 +0100] "GET /router/api/v1/system/health HTTP/1.1" 200 1195 "-" "ELB-HealthChecker/2.0" "-"
172.27.187.222 - - [04/May/2023:07:15:31 +0100] "GET /artifactory/api/npm/boi-npm/gensync HTTP/1.1" 200 3336 "-" "npm/8.15.0 node/v16.17.0 win32 x64 workspaces/false" "10.20.67.5"
172.27.187.222 - - [04/May/2023:07:15:32 +0100] "GET /artifactory/api/npm/boi-npm/get-intrinsic HTTP/1.1" 200 9841 "-" "npm/8.15.0 node/v16.17.0 win32 x64 workspaces/false" "10.20.67.5"
172.27.187.222 - - [04/May/2023:07:15:32 +0100] "GET /artifactory/api/npm/boi-npm/get-caller-file HTTP/1.1" 200 7888 "-" "npm/8.15.0 node/v16.17.0 win32 x64 workspaces/false" "10.20.67.5"
172.27.187.222 - - [04/May/2023:07:15:33 +0100] "GET /router/api/v1/system/health HTTP/1.1" 200 1195 "-" "ELB-HealthChecker/2.0" "-"
172.27.187.222 - - [04/May/2023:07:15:33 +0100] "GET /artifactory/api/npm/boi-npm/get-package-type HTTP/1.1" 200 883 "-" "npm/8.15.0 node/v16.17.0 win32 x64 workspaces/false" "10.20.67.5"
172.27.187.222 - - [04/May/2023:07:15:33 +0100] "GET /access/api/v1/topology HTTP/1.1" 200 29763 "-" "JFrog-Router/7.51.0-1" "172.27.185.79"
172.27.187.222 - - [04/May/2023:07:15:34 +0100] "GET /artifactory/api/npm/boi-npm/get-own-enumerable-property-symbols HTTP/1.1" 200 6191 "-" "npm/8.15.0 node/v16.17.0 win32 x64 workspaces/false" "10.20.67.5"
172.27.187.134 - - [04/May/2023:07:15:34 +0100] "GET /artifactory/boi-external/junit/junit/4.10/junit-4.10.pom HTTP/1.1" 200 2345 "-" "Apache-Maven/3.6.3 (Java 1.8.0_202; Linux 3.10.0-1160.88.1.el7.x86_64)" "172.27.187.57"
172.27.187.222 - - [04/May/2023:07:15:35 +0100] "GET /artifactory/api/npm/boi-npm/get-symbol-description HTTP/1.1" 200 1223 "-" "npm/8.15.0 node/v16.17.0 win32 x64 workspaces/false" "10.20.67.5"
172.27.187.222 - - [04/May/2023:07:15:35 +0100] "GET /artifactory/api/npm/boi-npm/get-stdin HTTP/1.1" 200 8816 "-" "npm/8.15.0 node/v16.17.0 win32 x64 workspaces/false" "10.20.67.5"
172.27.187.222 - - [04/May/2023:07:15:36 +0100] "GET /artifactory/api/npm/boi-npm/getpass HTTP/1.1" 200 5002 "-" "npm/8.15.0 node/v16.17.0 win32 x64 workspaces/false" "10.20.67.5"
172.27.187.222 - - [04/May/2023:07:15:36 +0100] "GET /artifactory/api/npm/boi-npm/get-value HTTP/1.1" 200 27650 "-" "npm/8.15.0 node/v16.17.0 win32 x64 workspaces/false" "10.20.67.5"
172.27.187.187 - - [04/May/2023:07:15:36 +0100] "GET /router/api/v1/system/health HTTP/1.1" 200 1195 "-" "ELB-HealthChecker/2.0" "-"
172.27.187.222 - - [04/May/2023:07:15:36 +0100] "GET /access/api/v1/topology HTTP/1.1" 200 29763 "-" "JFrog-Router/7.51.0-1" "172.27.185.79"
172.27.187.134 - - [04/May/2023:07:15:36 +0100] "GET /router/api/v1/system/health HTTP/1.1" 200 1195 "-" "ELB-HealthChecker/2.0" "-"
172.27.187.222 - - [04/May/2023:07:15:36 +0100] "GET /artifactory/api/npm/boi-npm/github-slugger HTTP/1.1" 200 9042 "-" "npm/8.15.0 node/v16.17.0 win32 x64 workspaces/false" "10.20.67.5"
172.27.187.222 - - [04/May/2023:07:15:38 +0100] "GET /artifactory/api/npm/boi-npm/global HTTP/1.1" 200 13517 "-" "npm/8.15.0 node/v16.17.0 win32 x64 workspaces/false" "10.20.67.5"
172.27.187.222 - - [04/May/2023:07:15:38 +0100] "GET /artifactory/api/npm/boi-npm/glob-promise HTTP/1.1" 200 18597 "-" "npm/8.15.0 node/v16.17.0 win32 x64 workspaces/false" "10.20.67.5"
172.27.187.222 - - [04/May/2023:07:15:38 +0100] "GET /router/api/v1/system/health HTTP/1.1" 200 1195 "-" "ELB-HealthChecker/2.0" "-"
172.27.187.222 - - [04/May/2023:07:15:39 +0100] "GET /artifactory/api/npm/boi-npm/global-modules HTTP/1.1" 200 4997 "-" "npm/8.15.0 node/v16.17.0 win32 x64 workspaces/false" "10.20.67.5"
172.27.187.222 - - [04/May/2023:07:15:39 +0100] "GET /artifactory/api/npm/boi-npm/global-prefix HTTP/1.1" 200 7477 "-" "npm/8.15.0 node/v16.17.0 win32 x64 workspaces/false" "10.20.67.5"
172.27.187.222 - - [04/May/2023:07:15:39 +0100] "GET /access/api/v1/topology HTTP/1.1" 200 29763 "-" "JFrog-Router/7.51.0-1" "172.27.185.79"
172.27.187.222 - - [04/May/2023:07:15:40 +0100] "GET /artifactory/api/npm/boi-npm/globalthis HTTP/1.1" 200 4145 "-" "npm/8.15.0 node/v16.17.0 win32 x64 workspaces/false" "10.20.67.5"
172.27.187.222 - - [04/May/2023:07:15:40 +0100] "GET /artifactory/api/npm/boi-npm/gopd HTTP/1.1" 200 967 "-" "npm/8.15.0 node/v16.17.0 win32 x64 workspaces/false" "10.20.67.5"
172.27.187.222 - - [04/May/2023:07:15:41 +0100] "GET /artifactory/api/npm/boi-npm/graceful-fs HTTP/1.1" 200 47220 "-" "npm/8.15.0 node/v16.17.0 win32 x64 workspaces/false" "10.20.67.5"
172.27.187.187 - - [04/May/2023:07:15:41 +0100] "GET /router/api/v1/system/health HTTP/1.1" 200 1195 "-" "ELB-HealthChecker/2.0" "-"
172.27.187.134 - - [04/May/2023:07:15:41 +0100] "GET /router/api/v1/system/health HTTP/1.1" 200 1195 "-" "ELB-HealthChecker/2.0" "-"
172.27.187.222 - - [04/May/2023:07:15:41 +0100] "GET /artifactory/api/npm/boi-npm/graphql HTTP/1.1" 200 211138 "-" "npm/8.15.0 node/v16.17.0 win32 x64 workspaces/false" "10.20.67.5"
172.27.187.222 - - [04/May/2023:07:15:42 +0100] "GET /access/api/v1/topology HTTP/1.1" 200 29763 "-" "JFrog-Router/7.51.0-1" "172.27.185.79"
